============================= test session starts =============================
platform win32 -- Python 3.13.2, pytest-9.0.2, pluggy-1.6.0
rootdir: E:\SupportAutomationAgent
plugins: anyio-4.12.0, langsmith-0.4.56
collected 3 items

tests\test_auth_and_workspaces.py ...                                    [100%]

============================== warnings summary ===============================
app\schemas\ticket.py:16
  E:\SupportAutomationAgent\app\schemas\ticket.py:16: PydanticDeprecatedSince20: Support for class-based `config` is deprecated, use ConfigDict instead. Deprecated in Pydantic V2.0 to be removed in V3.0. See Pydantic V2 Migration Guide at https://errors.pydantic.dev/2.12/migration/
    class TicketResponse(TicketBase):

app\api\v1\routes\auth.py:23
  E:\SupportAutomationAgent\app\api\v1\routes\auth.py:23: PydanticDeprecatedSince20: Support for class-based `config` is deprecated, use ConfigDict instead. Deprecated in Pydantic V2.0 to be removed in V3.0. See Pydantic V2 Migration Guide at https://errors.pydantic.dev/2.12/migration/
    class UserResponse(BaseModel):

tests/test_auth_and_workspaces.py::test_register_and_login
  C:\Users\rosha\AppData\Local\Programs\Python\Python313\Lib\site-packages\passlib\handlers\argon2.py:716: DeprecationWarning: Accessing argon2.__version__ is deprecated and will be removed in a future release. Use importlib.metadata directly to query for argon2-cffi's packaging metadata.
    _argon2_cffi.__version__, max_version)

tests/test_auth_and_workspaces.py::test_register_and_login
tests/test_auth_and_workspaces.py::test_workspace_isolation
tests/test_auth_and_workspaces.py::test_workspace_isolation
tests/test_auth_and_workspaces.py::test_rb_permissions
tests/test_auth_and_workspaces.py::test_rb_permissions
  E:\SupportAutomationAgent\app\core\security.py:22: DeprecationWarning: datetime.datetime.utcnow() is deprecated and scheduled for removal in a future version. Use timezone-aware objects to represent datetimes in UTC: datetime.datetime.now(datetime.UTC).
    expire = datetime.utcnow() + expires_delta

tests/test_auth_and_workspaces.py::test_register_and_login
  C:\Users\rosha\AppData\Local\Programs\Python\Python313\Lib\site-packages\_pytest\python.py:170: PytestReturnNotNoneWarning: Test functions should return None, but tests/test_auth_and_workspaces.py::test_register_and_login returned <class 'str'>.
  Did you mean to use `assert` instead of `return`?
  See https://docs.pytest.org/en/stable/how-to/assert.html#return-not-none for more information.
    warnings.warn(

tests/test_auth_and_workspaces.py::test_workspace_isolation
tests/test_auth_and_workspaces.py::test_workspace_isolation
tests/test_auth_and_workspaces.py::test_rb_permissions
tests/test_auth_and_workspaces.py::test_rb_permissions
  C:\Users\rosha\AppData\Local\Programs\Python\Python313\Lib\site-packages\sqlalchemy\sql\schema.py:3624: DeprecationWarning: datetime.datetime.utcnow() is deprecated and scheduled for removal in a future version. Use timezone-aware objects to represent datetimes in UTC: datetime.datetime.now(datetime.UTC).
    return util.wrap_callable(lambda ctx: fn(), fn)  # type: ignore

-- Docs: https://docs.pytest.org/en/stable/how-to/capture-warnings.html
======================= 3 passed, 13 warnings in 2.01s ========================
